Archive member included because of file (symbol)

c:/program files/winavr/bin/../lib/gcc/avr/4.1.2/avr5\libgcc.a(_exit.o)
                              c:/program files/winavr/bin/../lib/gcc/avr/4.1.2/../../../../avr/lib/avr5/crtm32.o (exit)
c:/program files/winavr/bin/../lib/gcc/avr/4.1.2/avr5\libgcc.a(_copy_data.o)
                              robokits.o (__do_copy_data)
c:/program files/winavr/bin/../lib/gcc/avr/4.1.2/avr5\libgcc.a(_clear_bss.o)
                              robokits.o (__do_clear_bss)
c:/program files/winavr/bin/../lib/gcc/avr/4.1.2/../../../../avr/lib/avr5\libc.a(itoa.o)
                              robokits.o (itoa)
c:/program files/winavr/bin/../lib/gcc/avr/4.1.2/../../../../avr/lib/avr5\libc.a(ee_rb.1C1D1E.o)
                              robokits.o (__eeprom_read_byte_1C1D1E)
c:/program files/winavr/bin/../lib/gcc/avr/4.1.2/../../../../avr/lib/avr5\libc.a(ee_wb.1C1D1E.o)
                              robokits.o (__eeprom_write_byte_1C1D1E)
c:/program files/winavr/bin/../lib/gcc/avr/4.1.2/../../../../avr/lib/avr5\libc.a(strrev.o)
                              c:/program files/winavr/bin/../lib/gcc/avr/4.1.2/../../../../avr/lib/avr5\libc.a(itoa.o) (strrev)
c:/program files/winavr/bin/../lib/gcc/avr/4.1.2/avr5\libgcc.a(_udivmodhi4.o)
                              c:/program files/winavr/bin/../lib/gcc/avr/4.1.2/../../../../avr/lib/avr5\libc.a(itoa.o) (__udivmodhi4)

Discarded input sections

 .stabstr       0x00000000        0x0 c:/program files/winavr/bin/../lib/gcc/avr/4.1.2/../../../../avr/lib/avr5/crtm32.o

Memory Configuration

Name             Origin             Length             Attributes
text             0x00000000         0x00020000         xr
data             0x00800060         0x0000ffa0         rw !x
eeprom           0x00810000         0x00010000         rw !x
*default*        0x00000000         0xffffffff

Linker script and memory map

LOAD c:/program files/winavr/bin/../lib/gcc/avr/4.1.2/../../../../avr/lib/avr5/crtm32.o
LOAD robokits.o
LOAD uart.o
LOAD c:/program files/winavr/bin/../lib/gcc/avr/4.1.2/../../../../avr/lib/avr5\libm.a
LOAD c:/program files/winavr/bin/../lib/gcc/avr/4.1.2/avr5\libgcc.a
LOAD c:/program files/winavr/bin/../lib/gcc/avr/4.1.2/../../../../avr/lib/avr5\libc.a
LOAD c:/program files/winavr/bin/../lib/gcc/avr/4.1.2/avr5\libgcc.a

.hash
 *(.hash)

.dynsym
 *(.dynsym)

.dynstr
 *(.dynstr)

.gnu.version
 *(.gnu.version)

.gnu.version_d
 *(.gnu.version_d)

.gnu.version_r
 *(.gnu.version_r)

.rel.init
 *(.rel.init)

.rela.init
 *(.rela.init)

.rel.text
 *(.rel.text)
 *(.rel.text.*)
 *(.rel.gnu.linkonce.t*)

.rela.text
 *(.rela.text)
 *(.rela.text.*)
 *(.rela.gnu.linkonce.t*)

.rel.fini
 *(.rel.fini)

.rela.fini
 *(.rela.fini)

.rel.rodata
 *(.rel.rodata)
 *(.rel.rodata.*)
 *(.rel.gnu.linkonce.r*)

.rela.rodata
 *(.rela.rodata)
 *(.rela.rodata.*)
 *(.rela.gnu.linkonce.r*)

.rel.data
 *(.rel.data)
 *(.rel.data.*)
 *(.rel.gnu.linkonce.d*)

.rela.data
 *(.rela.data)
 *(.rela.data.*)
 *(.rela.gnu.linkonce.d*)

.rel.ctors
 *(.rel.ctors)

.rela.ctors
 *(.rela.ctors)

.rel.dtors
 *(.rel.dtors)

.rela.dtors
 *(.rela.dtors)

.rel.got
 *(.rel.got)

.rela.got
 *(.rela.got)

.rel.bss
 *(.rel.bss)

.rela.bss
 *(.rela.bss)

.rel.plt
 *(.rel.plt)

.rela.plt
 *(.rela.plt)

.text           0x00000000      0x42e
 *(.vectors)
 .vectors       0x00000000       0x54 c:/program files/winavr/bin/../lib/gcc/avr/4.1.2/../../../../avr/lib/avr5/crtm32.o
                0x00000000                __vectors
                0x00000000                __vector_default
 *(.vectors)
 *(.progmem.gcc*)
 *(.progmem*)
 .progmem.data  0x00000054       0xbb robokits.o
                0x00000110                . = ALIGN (0x2)
 *fill*         0x0000010f        0x1 00
                0x00000110                __trampolines_start = .
 *(.trampolines)
 .trampolines   0x00000110        0x0 linker stubs
 *(.trampolines*)
                0x00000110                __trampolines_end = .
 *(.jumptables)
 *(.jumptables*)
 *(.lowtext)
 *(.lowtext*)
                0x00000110                __ctors_start = .
 *(.ctors)
                0x00000110                __ctors_end = .
                0x00000110                __dtors_start = .
 *(.dtors)
                0x00000110                __dtors_end = .
 SORT(*)(.ctors)
 SORT(*)(.dtors)
 *(.init0)
 .init0         0x00000110        0x0 c:/program files/winavr/bin/../lib/gcc/avr/4.1.2/../../../../avr/lib/avr5/crtm32.o
                0x00000110                __init
 *(.init0)
 *(.init1)
 *(.init1)
 *(.init2)
 .init2         0x00000110        0xc c:/program files/winavr/bin/../lib/gcc/avr/4.1.2/../../../../avr/lib/avr5/crtm32.o
 *(.init2)
 *(.init3)
 *(.init3)
 *(.init4)
 .init4         0x0000011c       0x16 c:/program files/winavr/bin/../lib/gcc/avr/4.1.2/avr5\libgcc.a(_copy_data.o)
                0x0000011c                __do_copy_data
 .init4         0x00000132       0x10 c:/program files/winavr/bin/../lib/gcc/avr/4.1.2/avr5\libgcc.a(_clear_bss.o)
                0x00000132                __do_clear_bss
 *(.init4)
 *(.init5)
 *(.init5)
 *(.init6)
 *(.init6)
 *(.init7)
 *(.init7)
 *(.init8)
 *(.init8)
 *(.init9)
 .init9         0x00000142        0x8 c:/program files/winavr/bin/../lib/gcc/avr/4.1.2/../../../../avr/lib/avr5/crtm32.o
 *(.init9)
 *(.text)
 .text          0x0000014a        0x4 c:/program files/winavr/bin/../lib/gcc/avr/4.1.2/../../../../avr/lib/avr5/crtm32.o
                0x0000014a                __vector_1
                0x0000014a                __vector_12
                0x0000014a                __bad_interrupt
                0x0000014a                __vector_6
                0x0000014a                __vector_3
                0x0000014a                __vector_11
                0x0000014a                __vector_17
                0x0000014a                __vector_19
                0x0000014a                __vector_7
                0x0000014a                __vector_5
                0x0000014a                __vector_4
                0x0000014a                __vector_9
                0x0000014a                __vector_2
                0x0000014a                __vector_15
                0x0000014a                __vector_8
                0x0000014a                __vector_10
                0x0000014a                __vector_16
                0x0000014a                __vector_18
                0x0000014a                __vector_20
 .text          0x0000014e       0xd0 robokits.o
                0x0000014e                main
 .text          0x0000021e      0x15c uart.o
                0x00000344                uart_puts
                0x0000035e                uart_puts_p
                0x0000021e                __vector_13
                0x000002bc                uart_init
                0x000002ea                uart_getc
                0x00000320                uart_putc
                0x00000272                __vector_14
 .text          0x0000037a        0x0 c:/program files/winavr/bin/../lib/gcc/avr/4.1.2/avr5\libgcc.a(_exit.o)
 .text          0x0000037a        0x0 c:/program files/winavr/bin/../lib/gcc/avr/4.1.2/avr5\libgcc.a(_copy_data.o)
 .text          0x0000037a        0x0 c:/program files/winavr/bin/../lib/gcc/avr/4.1.2/avr5\libgcc.a(_clear_bss.o)
 .text          0x0000037a       0x42 c:/program files/winavr/bin/../lib/gcc/avr/4.1.2/../../../../avr/lib/avr5\libc.a(itoa.o)
                0x0000037a                itoa
 .text          0x000003bc        0x0 c:/program files/winavr/bin/../lib/gcc/avr/4.1.2/../../../../avr/lib/avr5\libc.a(ee_rb.1C1D1E.o)
 .text          0x000003bc        0x0 c:/program files/winavr/bin/../lib/gcc/avr/4.1.2/../../../../avr/lib/avr5\libc.a(ee_wb.1C1D1E.o)
 .text          0x000003bc       0x20 c:/program files/winavr/bin/../lib/gcc/avr/4.1.2/../../../../avr/lib/avr5\libc.a(strrev.o)
                0x000003bc                strrev
 .text          0x000003dc        0x0 c:/program files/winavr/bin/../lib/gcc/avr/4.1.2/avr5\libgcc.a(_udivmodhi4.o)
                0x000003dc                . = ALIGN (0x2)
 *(.text.*)
 .text.libgcc   0x000003dc        0x0 c:/program files/winavr/bin/../lib/gcc/avr/4.1.2/avr5\libgcc.a(_exit.o)
 .text.libgcc   0x000003dc        0x0 c:/program files/winavr/bin/../lib/gcc/avr/4.1.2/avr5\libgcc.a(_copy_data.o)
 .text.libgcc   0x000003dc        0x0 c:/program files/winavr/bin/../lib/gcc/avr/4.1.2/avr5\libgcc.a(_clear_bss.o)
 .text.eeprom   0x000003dc       0x10 c:/program files/winavr/bin/../lib/gcc/avr/4.1.2/../../../../avr/lib/avr5\libc.a(ee_rb.1C1D1E.o)
                0x000003dc                __eeprom_read_byte_1C1D1E
 .text.eeprom   0x000003ec       0x18 c:/program files/winavr/bin/../lib/gcc/avr/4.1.2/../../../../avr/lib/avr5\libc.a(ee_wb.1C1D1E.o)
                0x000003ec                __eeprom_write_byte_1C1D1E
 .text.libgcc   0x00000404       0x28 c:/program files/winavr/bin/../lib/gcc/avr/4.1.2/avr5\libgcc.a(_udivmodhi4.o)
                0x00000404                __udivmodhi4
                0x0000042c                . = ALIGN (0x2)
 *(.fini9)
 .fini9         0x0000042c        0x0 c:/program files/winavr/bin/../lib/gcc/avr/4.1.2/avr5\libgcc.a(_exit.o)
                0x0000042c                exit
                0x0000042c                _exit
 *(.fini9)
 *(.fini8)
 *(.fini8)
 *(.fini7)
 *(.fini7)
 *(.fini6)
 *(.fini6)
 *(.fini5)
 *(.fini5)
 *(.fini4)
 *(.fini4)
 *(.fini3)
 *(.fini3)
 *(.fini2)
 *(.fini2)
 *(.fini1)
 *(.fini1)
 *(.fini0)
 .fini0         0x0000042c        0x2 c:/program files/winavr/bin/../lib/gcc/avr/4.1.2/avr5\libgcc.a(_exit.o)
 *(.fini0)
                0x0000042e                _etext = .

.data           0x00800060        0x0 load address 0x0000042e
                0x00800060                PROVIDE (__data_start, .)
 *(.data)
 .data          0x00800060        0x0 c:/program files/winavr/bin/../lib/gcc/avr/4.1.2/../../../../avr/lib/avr5/crtm32.o
 .data          0x00800060        0x0 robokits.o
 .data          0x00800060        0x0 uart.o
 .data          0x00800060        0x0 c:/program files/winavr/bin/../lib/gcc/avr/4.1.2/avr5\libgcc.a(_exit.o)
 .data          0x00800060        0x0 c:/program files/winavr/bin/../lib/gcc/avr/4.1.2/avr5\libgcc.a(_copy_data.o)
 .data          0x00800060        0x0 c:/program files/winavr/bin/../lib/gcc/avr/4.1.2/avr5\libgcc.a(_clear_bss.o)
 .data          0x00800060        0x0 c:/program files/winavr/bin/../lib/gcc/avr/4.1.2/../../../../avr/lib/avr5\libc.a(itoa.o)
 .data          0x00800060        0x0 c:/program files/winavr/bin/../lib/gcc/avr/4.1.2/../../../../avr/lib/avr5\libc.a(ee_rb.1C1D1E.o)
 .data          0x00800060        0x0 c:/program files/winavr/bin/../lib/gcc/avr/4.1.2/../../../../avr/lib/avr5\libc.a(ee_wb.1C1D1E.o)
 .data          0x00800060        0x0 c:/program files/winavr/bin/../lib/gcc/avr/4.1.2/../../../../avr/lib/avr5\libc.a(strrev.o)
 .data          0x00800060        0x0 c:/program files/winavr/bin/../lib/gcc/avr/4.1.2/avr5\libgcc.a(_udivmodhi4.o)
 *(.data*)
 *(.rodata)
 *(.rodata*)
 *(.gnu.linkonce.d*)
                0x00800060                . = ALIGN (0x2)
                0x00800060                _edata = .
                0x00800060                PROVIDE (__data_end, .)

.bss            0x00800060       0x45
                0x00800060                PROVIDE (__bss_start, .)
 *(.bss)
 .bss           0x00800060        0x0 c:/program files/winavr/bin/../lib/gcc/avr/4.1.2/../../../../avr/lib/avr5/crtm32.o
 .bss           0x00800060        0x0 robokits.o
 .bss           0x00800060       0x45 uart.o
 .bss           0x008000a5        0x0 c:/program files/winavr/bin/../lib/gcc/avr/4.1.2/avr5\libgcc.a(_exit.o)
 .bss           0x008000a5        0x0 c:/program files/winavr/bin/../lib/gcc/avr/4.1.2/avr5\libgcc.a(_copy_data.o)
 .bss           0x008000a5        0x0 c:/program files/winavr/bin/../lib/gcc/avr/4.1.2/avr5\libgcc.a(_clear_bss.o)
 .bss           0x008000a5        0x0 c:/program files/winavr/bin/../lib/gcc/avr/4.1.2/../../../../avr/lib/avr5\libc.a(itoa.o)
 .bss           0x008000a5        0x0 c:/program files/winavr/bin/../lib/gcc/avr/4.1.2/../../../../avr/lib/avr5\libc.a(ee_rb.1C1D1E.o)
 .bss           0x008000a5        0x0 c:/program files/winavr/bin/../lib/gcc/avr/4.1.2/../../../../avr/lib/avr5\libc.a(ee_wb.1C1D1E.o)
 .bss           0x008000a5        0x0 c:/program files/winavr/bin/../lib/gcc/avr/4.1.2/../../../../avr/lib/avr5\libc.a(strrev.o)
 .bss           0x008000a5        0x0 c:/program files/winavr/bin/../lib/gcc/avr/4.1.2/avr5\libgcc.a(_udivmodhi4.o)
 *(.bss*)
 *(COMMON)
                0x008000a5                PROVIDE (__bss_end, .)
                0x0000042e                __data_load_start = LOADADDR (.data)
                0x0000042e                __data_load_end = (__data_load_start + SIZEOF (.data))

.noinit         0x008000a5        0x0
                0x008000a5                PROVIDE (__noinit_start, .)
 *(.noinit*)
                0x008000a5                PROVIDE (__noinit_end, .)
                0x008000a5                _end = .
                0x008000a5                PROVIDE (__heap_start, .)

.eeprom         0x00810000        0x0
 *(.eeprom*)
                0x00810000                __eeprom_end = .

.stab           0x00000000      0x378
 *(.stab)
 .stab          0x00000000      0x378 c:/program files/winavr/bin/../lib/gcc/avr/4.1.2/../../../../avr/lib/avr5/crtm32.o

.stabstr        0x00000000       0x71
 *(.stabstr)
 .stabstr       0x00000000       0x71 c:/program files/winavr/bin/../lib/gcc/avr/4.1.2/../../../../avr/lib/avr5/crtm32.o

.stab.excl
 *(.stab.excl)

.stab.exclstr
 *(.stab.exclstr)

.stab.index
 *(.stab.index)

.stab.indexstr
 *(.stab.indexstr)

.comment
 *(.comment)

.debug
 *(.debug)

.line
 *(.line)

.debug_srcinfo
 *(.debug_srcinfo)

.debug_sfnames
 *(.debug_sfnames)

.debug_aranges  0x00000000       0x40
 *(.debug_aranges)
 .debug_aranges
                0x00000000       0x20 robokits.o
 .debug_aranges
                0x00000020       0x20 uart.o

.debug_pubnames
                0x00000000       0x95
 *(.debug_pubnames)
 .debug_pubnames
                0x00000000       0x1b robokits.o
 .debug_pubnames
                0x0000001b       0x7a uart.o

.debug_info     0x00000000      0x56c
 *(.debug_info)
 .debug_info    0x00000000      0x276 robokits.o
 .debug_info    0x00000276      0x2f6 uart.o
 *(.gnu.linkonce.wi.*)

.debug_abbrev   0x00000000      0x252
 *(.debug_abbrev)
 .debug_abbrev  0x00000000      0x11d robokits.o
 .debug_abbrev  0x0000011d      0x135 uart.o

.debug_line     0x00000000      0x434
 *(.debug_line)
 .debug_line    0x00000000      0x1cb robokits.o
 .debug_line    0x000001cb      0x269 uart.o

.debug_frame    0x00000000       0xa0
 *(.debug_frame)
 .debug_frame   0x00000000       0x20 robokits.o
 .debug_frame   0x00000020       0x80 uart.o

.debug_str      0x00000000      0x1f6
 *(.debug_str)
 .debug_str     0x00000000      0x106 robokits.o
                                0x165 (size before relaxing)
 .debug_str     0x00000106       0xf0 uart.o
                                0x209 (size before relaxing)

.debug_loc      0x00000000      0x1d9
 *(.debug_loc)
 .debug_loc     0x00000000       0x9b robokits.o
 .debug_loc     0x0000009b      0x13e uart.o

.debug_macinfo
 *(.debug_macinfo)
OUTPUT(robokits.elf elf32-avr)
LOAD linker stubs

Cross Reference Table

Symbol                                            File
__bad_interrupt                                   c:/program files/winavr/bin/../lib/gcc/avr/4.1.2/../../../../avr/lib/avr5/crtm32.o
__bss_end                                         c:/program files/winavr/bin/../lib/gcc/avr/4.1.2/avr5\libgcc.a(_clear_bss.o)
__bss_start                                       c:/program files/winavr/bin/../lib/gcc/avr/4.1.2/avr5\libgcc.a(_clear_bss.o)
__data_end                                        c:/program files/winavr/bin/../lib/gcc/avr/4.1.2/avr5\libgcc.a(_copy_data.o)
__data_load_start                                 c:/program files/winavr/bin/../lib/gcc/avr/4.1.2/avr5\libgcc.a(_copy_data.o)
__data_start                                      c:/program files/winavr/bin/../lib/gcc/avr/4.1.2/avr5\libgcc.a(_copy_data.o)
__do_clear_bss                                    c:/program files/winavr/bin/../lib/gcc/avr/4.1.2/avr5\libgcc.a(_clear_bss.o)
                                                  uart.o
                                                  robokits.o
__do_copy_data                                    c:/program files/winavr/bin/../lib/gcc/avr/4.1.2/avr5\libgcc.a(_copy_data.o)
                                                  uart.o
                                                  robokits.o
__eeprom_read_byte_1C1D1E                         c:/program files/winavr/bin/../lib/gcc/avr/4.1.2/../../../../avr/lib/avr5\libc.a(ee_rb.1C1D1E.o)
                                                  robokits.o
__eeprom_write_byte_1C1D1E                        c:/program files/winavr/bin/../lib/gcc/avr/4.1.2/../../../../avr/lib/avr5\libc.a(ee_wb.1C1D1E.o)
                                                  robokits.o
__heap_end                                        c:/program files/winavr/bin/../lib/gcc/avr/4.1.2/../../../../avr/lib/avr5/crtm32.o
__init                                            c:/program files/winavr/bin/../lib/gcc/avr/4.1.2/../../../../avr/lib/avr5/crtm32.o
__stack                                           c:/program files/winavr/bin/../lib/gcc/avr/4.1.2/../../../../avr/lib/avr5/crtm32.o
__udivmodhi4                                      c:/program files/winavr/bin/../lib/gcc/avr/4.1.2/avr5\libgcc.a(_udivmodhi4.o)
                                                  c:/program files/winavr/bin/../lib/gcc/avr/4.1.2/../../../../avr/lib/avr5\libc.a(itoa.o)
__vector_1                                        c:/program files/winavr/bin/../lib/gcc/avr/4.1.2/../../../../avr/lib/avr5/crtm32.o
__vector_10                                       c:/program files/winavr/bin/../lib/gcc/avr/4.1.2/../../../../avr/lib/avr5/crtm32.o
__vector_11                                       c:/program files/winavr/bin/../lib/gcc/avr/4.1.2/../../../../avr/lib/avr5/crtm32.o
__vector_12                                       c:/program files/winavr/bin/../lib/gcc/avr/4.1.2/../../../../avr/lib/avr5/crtm32.o
__vector_13                                       uart.o
                                                  c:/program files/winavr/bin/../lib/gcc/avr/4.1.2/../../../../avr/lib/avr5/crtm32.o
__vector_14                                       uart.o
                                                  c:/program files/winavr/bin/../lib/gcc/avr/4.1.2/../../../../avr/lib/avr5/crtm32.o
__vector_15                                       c:/program files/winavr/bin/../lib/gcc/avr/4.1.2/../../../../avr/lib/avr5/crtm32.o
__vector_16                                       c:/program files/winavr/bin/../lib/gcc/avr/4.1.2/../../../../avr/lib/avr5/crtm32.o
__vector_17                                       c:/program files/winavr/bin/../lib/gcc/avr/4.1.2/../../../../avr/lib/avr5/crtm32.o
__vector_18                                       c:/program files/winavr/bin/../lib/gcc/avr/4.1.2/../../../../avr/lib/avr5/crtm32.o
__vector_19                                       c:/program files/winavr/bin/../lib/gcc/avr/4.1.2/../../../../avr/lib/avr5/crtm32.o
__vector_2                                        c:/program files/winavr/bin/../lib/gcc/avr/4.1.2/../../../../avr/lib/avr5/crtm32.o
__vector_20                                       c:/program files/winavr/bin/../lib/gcc/avr/4.1.2/../../../../avr/lib/avr5/crtm32.o
__vector_3                                        c:/program files/winavr/bin/../lib/gcc/avr/4.1.2/../../../../avr/lib/avr5/crtm32.o
__vector_4                                        c:/program files/winavr/bin/../lib/gcc/avr/4.1.2/../../../../avr/lib/avr5/crtm32.o
__vector_5                                        c:/program files/winavr/bin/../lib/gcc/avr/4.1.2/../../../../avr/lib/avr5/crtm32.o
__vector_6                                        c:/program files/winavr/bin/../lib/gcc/avr/4.1.2/../../../../avr/lib/avr5/crtm32.o
__vector_7                                        c:/program files/winavr/bin/../lib/gcc/avr/4.1.2/../../../../avr/lib/avr5/crtm32.o
__vector_8                                        c:/program files/winavr/bin/../lib/gcc/avr/4.1.2/../../../../avr/lib/avr5/crtm32.o
__vector_9                                        c:/program files/winavr/bin/../lib/gcc/avr/4.1.2/../../../../avr/lib/avr5/crtm32.o
__vector_default                                  c:/program files/winavr/bin/../lib/gcc/avr/4.1.2/../../../../avr/lib/avr5/crtm32.o
__vectors                                         c:/program files/winavr/bin/../lib/gcc/avr/4.1.2/../../../../avr/lib/avr5/crtm32.o
_exit                                             c:/program files/winavr/bin/../lib/gcc/avr/4.1.2/avr5\libgcc.a(_exit.o)
exit                                              c:/program files/winavr/bin/../lib/gcc/avr/4.1.2/avr5\libgcc.a(_exit.o)
                                                  c:/program files/winavr/bin/../lib/gcc/avr/4.1.2/../../../../avr/lib/avr5/crtm32.o
itoa                                              c:/program files/winavr/bin/../lib/gcc/avr/4.1.2/../../../../avr/lib/avr5\libc.a(itoa.o)
                                                  robokits.o
main                                              robokits.o
                                                  c:/program files/winavr/bin/../lib/gcc/avr/4.1.2/../../../../avr/lib/avr5/crtm32.o
strrev                                            c:/program files/winavr/bin/../lib/gcc/avr/4.1.2/../../../../avr/lib/avr5\libc.a(strrev.o)
                                                  c:/program files/winavr/bin/../lib/gcc/avr/4.1.2/../../../../avr/lib/avr5\libc.a(itoa.o)
uart_getc                                         uart.o
uart_init                                         uart.o
                                                  robokits.o
uart_putc                                         uart.o
uart_puts                                         uart.o
                                                  robokits.o
uart_puts_p                                       uart.o
                                                  robokits.o
