Archive member included because of file (symbol)

c:/program files/winavr/bin/../lib/gcc/avr/4.2.2/avr4\libgcc.a(_exit.o)
                              c:/program files/winavr/bin/../lib/gcc/avr/4.2.2/../../../../avr/lib/avr4/crtm8.o (exit)
c:/program files/winavr/bin/../lib/gcc/avr/4.2.2/avr4\libgcc.a(_copy_data.o)
                              robokits.o (__do_copy_data)
c:/program files/winavr/bin/../lib/gcc/avr/4.2.2/avr4\libgcc.a(_clear_bss.o)
                              robokits.o (__do_clear_bss)
c:/program files/winavr/bin/../lib/gcc/avr/4.2.2/../../../../avr/lib/avr4\libc.a(itoa.o)
                              robokits.o (itoa)
c:/program files/winavr/bin/../lib/gcc/avr/4.2.2/../../../../avr/lib/avr4\libc.a(strrev.o)
                              c:/program files/winavr/bin/../lib/gcc/avr/4.2.2/../../../../avr/lib/avr4\libc.a(itoa.o) (strrev)
c:/program files/winavr/bin/../lib/gcc/avr/4.2.2/avr4\libgcc.a(_udivmodhi4.o)
                              c:/program files/winavr/bin/../lib/gcc/avr/4.2.2/../../../../avr/lib/avr4\libc.a(itoa.o) (__udivmodhi4)

Memory Configuration

Name             Origin             Length             Attributes
text             0x00000000         0x00002000         xr
data             0x00800060         0x0000ffa0         rw !x
eeprom           0x00810000         0x00010000         rw !x
fuse             0x00820000         0x00000400         rw !x
lock             0x00830000         0x00000400         rw !x
signature        0x00840000         0x00000400         rw !x
*default*        0x00000000         0xffffffff

Linker script and memory map

LOAD c:/program files/winavr/bin/../lib/gcc/avr/4.2.2/../../../../avr/lib/avr4/crtm8.o
LOAD robokits.o
LOAD lcd.o
LOAD c:/program files/winavr/bin/../lib/gcc/avr/4.2.2/../../../../avr/lib/avr4\libm.a
LOAD c:/program files/winavr/bin/../lib/gcc/avr/4.2.2/avr4\libgcc.a
LOAD c:/program files/winavr/bin/../lib/gcc/avr/4.2.2/../../../../avr/lib/avr4\libc.a
LOAD c:/program files/winavr/bin/../lib/gcc/avr/4.2.2/avr4\libgcc.a

.hash
 *(.hash)

.dynsym
 *(.dynsym)

.dynstr
 *(.dynstr)

.gnu.version
 *(.gnu.version)

.gnu.version_d
 *(.gnu.version_d)

.gnu.version_r
 *(.gnu.version_r)

.rel.init
 *(.rel.init)

.rela.init
 *(.rela.init)

.rel.text
 *(.rel.text)
 *(.rel.text.*)
 *(.rel.gnu.linkonce.t*)

.rela.text
 *(.rela.text)
 *(.rela.text.*)
 *(.rela.gnu.linkonce.t*)

.rel.fini
 *(.rel.fini)

.rela.fini
 *(.rela.fini)

.rel.rodata
 *(.rel.rodata)
 *(.rel.rodata.*)
 *(.rel.gnu.linkonce.r*)

.rela.rodata
 *(.rela.rodata)
 *(.rela.rodata.*)
 *(.rela.gnu.linkonce.r*)

.rel.data
 *(.rel.data)
 *(.rel.data.*)
 *(.rel.gnu.linkonce.d*)

.rela.data
 *(.rela.data)
 *(.rela.data.*)
 *(.rela.gnu.linkonce.d*)

.rel.ctors
 *(.rel.ctors)

.rela.ctors
 *(.rela.ctors)

.rel.dtors
 *(.rel.dtors)

.rela.dtors
 *(.rela.dtors)

.rel.got
 *(.rel.got)

.rela.got
 *(.rela.got)

.rel.bss
 *(.rel.bss)

.rela.bss
 *(.rela.bss)

.rel.plt
 *(.rel.plt)

.rela.plt
 *(.rela.plt)

.text           0x00000000      0x42a
 *(.vectors)
 .vectors       0x00000000       0x26 c:/program files/winavr/bin/../lib/gcc/avr/4.2.2/../../../../avr/lib/avr4/crtm8.o
                0x00000000                __vectors
                0x00000000                __vector_default
 *(.vectors)
 *(.progmem.gcc*)
 *(.progmem*)
 .progmem.data  0x00000026       0x52 robokits.o
                0x00000078                . = ALIGN (0x2)
                0x00000078                __trampolines_start = .
 *(.trampolines)
 .trampolines   0x00000078        0x0 linker stubs
 *(.trampolines*)
                0x00000078                __trampolines_end = .
 *(.jumptables)
 *(.jumptables*)
 *(.lowtext)
 *(.lowtext*)
                0x00000078                __ctors_start = .
 *(.ctors)
                0x00000078                __ctors_end = .
                0x00000078                __dtors_start = .
 *(.dtors)
                0x00000078                __dtors_end = .
 SORT(*)(.ctors)
 SORT(*)(.dtors)
 *(.init0)
 .init0         0x00000078        0x0 c:/program files/winavr/bin/../lib/gcc/avr/4.2.2/../../../../avr/lib/avr4/crtm8.o
                0x00000078                __init
 *(.init0)
 *(.init1)
 *(.init1)
 *(.init2)
 .init2         0x00000078        0xc c:/program files/winavr/bin/../lib/gcc/avr/4.2.2/../../../../avr/lib/avr4/crtm8.o
 *(.init2)
 *(.init3)
 *(.init3)
 *(.init4)
 .init4         0x00000084       0x16 c:/program files/winavr/bin/../lib/gcc/avr/4.2.2/avr4\libgcc.a(_copy_data.o)
                0x00000084                __do_copy_data
 .init4         0x0000009a       0x10 c:/program files/winavr/bin/../lib/gcc/avr/4.2.2/avr4\libgcc.a(_clear_bss.o)
                0x0000009a                __do_clear_bss
 *(.init4)
 *(.init5)
 *(.init5)
 *(.init6)
 *(.init6)
 *(.init7)
 *(.init7)
 *(.init8)
 *(.init8)
 *(.init9)
 .init9         0x000000aa        0x4 c:/program files/winavr/bin/../lib/gcc/avr/4.2.2/../../../../avr/lib/avr4/crtm8.o
 *(.init9)
 *(.text)
 .text          0x000000ae        0x2 c:/program files/winavr/bin/../lib/gcc/avr/4.2.2/../../../../avr/lib/avr4/crtm8.o
                0x000000ae                __vector_1
                0x000000ae                __vector_12
                0x000000ae                __bad_interrupt
                0x000000ae                __vector_6
                0x000000ae                __vector_3
                0x000000ae                __vector_11
                0x000000ae                __vector_13
                0x000000ae                __vector_17
                0x000000ae                __vector_7
                0x000000ae                __vector_5
                0x000000ae                __vector_4
                0x000000ae                __vector_9
                0x000000ae                __vector_2
                0x000000ae                __vector_15
                0x000000ae                __vector_8
                0x000000ae                __vector_14
                0x000000ae                __vector_10
                0x000000ae                __vector_16
                0x000000ae                __vector_18
 .text          0x000000b0      0x138 robokits.o
                0x000000c0                main
                0x000000b0                wait_until_key_pressed
 .text          0x000001e8      0x1ba lcd.o
                0x000002ba                lcd_data
                0x000002ca                lcd_gotoxy
                0x000002ea                lcd_putc
                0x000002e4                lcd_home
                0x000002de                lcd_clrscr
                0x000002d8                lcd_getxy
                0x0000030e                lcd_puts
                0x00000324                lcd_puts_p
                0x0000033e                lcd_init
                0x000002aa                lcd_command
 .text          0x000003a2        0x0 c:/program files/winavr/bin/../lib/gcc/avr/4.2.2/avr4\libgcc.a(_exit.o)
 .text          0x000003a2        0x0 c:/program files/winavr/bin/../lib/gcc/avr/4.2.2/avr4\libgcc.a(_copy_data.o)
 .text          0x000003a2        0x0 c:/program files/winavr/bin/../lib/gcc/avr/4.2.2/avr4\libgcc.a(_clear_bss.o)
 .text          0x000003a2       0x3e c:/program files/winavr/bin/../lib/gcc/avr/4.2.2/../../../../avr/lib/avr4\libc.a(itoa.o)
                0x000003a2                itoa
 .text          0x000003e0       0x20 c:/program files/winavr/bin/../lib/gcc/avr/4.2.2/../../../../avr/lib/avr4\libc.a(strrev.o)
                0x000003e0                strrev
 .text          0x00000400        0x0 c:/program files/winavr/bin/../lib/gcc/avr/4.2.2/avr4\libgcc.a(_udivmodhi4.o)
                0x00000400                . = ALIGN (0x2)
 *(.text.*)
 .text.libgcc   0x00000400        0x0 c:/program files/winavr/bin/../lib/gcc/avr/4.2.2/avr4\libgcc.a(_exit.o)
 .text.libgcc   0x00000400        0x0 c:/program files/winavr/bin/../lib/gcc/avr/4.2.2/avr4\libgcc.a(_copy_data.o)
 .text.libgcc   0x00000400        0x0 c:/program files/winavr/bin/../lib/gcc/avr/4.2.2/avr4\libgcc.a(_clear_bss.o)
 .text.libgcc   0x00000400       0x28 c:/program files/winavr/bin/../lib/gcc/avr/4.2.2/avr4\libgcc.a(_udivmodhi4.o)
                0x00000400                __udivmodhi4
                0x00000428                . = ALIGN (0x2)
 *(.fini9)
 .fini9         0x00000428        0x0 c:/program files/winavr/bin/../lib/gcc/avr/4.2.2/avr4\libgcc.a(_exit.o)
                0x00000428                exit
                0x00000428                _exit
 *(.fini9)
 *(.fini8)
 *(.fini8)
 *(.fini7)
 *(.fini7)
 *(.fini6)
 *(.fini6)
 *(.fini5)
 *(.fini5)
 *(.fini4)
 *(.fini4)
 *(.fini3)
 *(.fini3)
 *(.fini2)
 *(.fini2)
 *(.fini1)
 *(.fini1)
 *(.fini0)
 .fini0         0x00000428        0x2 c:/program files/winavr/bin/../lib/gcc/avr/4.2.2/avr4\libgcc.a(_exit.o)
 *(.fini0)
                0x0000042a                _etext = .

.data           0x00800060       0x3a load address 0x0000042a
                0x00800060                PROVIDE (__data_start, .)
 *(.data)
 .data          0x00800060        0x0 c:/program files/winavr/bin/../lib/gcc/avr/4.2.2/../../../../avr/lib/avr4/crtm8.o
 .data          0x00800060       0x3a robokits.o
 .data          0x0080009a        0x0 lcd.o
 .data          0x0080009a        0x0 c:/program files/winavr/bin/../lib/gcc/avr/4.2.2/avr4\libgcc.a(_exit.o)
 .data          0x0080009a        0x0 c:/program files/winavr/bin/../lib/gcc/avr/4.2.2/avr4\libgcc.a(_copy_data.o)
 .data          0x0080009a        0x0 c:/program files/winavr/bin/../lib/gcc/avr/4.2.2/avr4\libgcc.a(_clear_bss.o)
 .data          0x0080009a        0x0 c:/program files/winavr/bin/../lib/gcc/avr/4.2.2/../../../../avr/lib/avr4\libc.a(itoa.o)
 .data          0x0080009a        0x0 c:/program files/winavr/bin/../lib/gcc/avr/4.2.2/../../../../avr/lib/avr4\libc.a(strrev.o)
 .data          0x0080009a        0x0 c:/program files/winavr/bin/../lib/gcc/avr/4.2.2/avr4\libgcc.a(_udivmodhi4.o)
 *(.data*)
 *(.rodata)
 *(.rodata*)
 *(.gnu.linkonce.d*)
                0x0080009a                . = ALIGN (0x2)
                0x0080009a                _edata = .
                0x0080009a                PROVIDE (__data_end, .)

.bss            0x0080009a        0x0 load address 0x00000464
                0x0080009a                PROVIDE (__bss_start, .)
 *(.bss)
 .bss           0x0080009a        0x0 c:/program files/winavr/bin/../lib/gcc/avr/4.2.2/../../../../avr/lib/avr4/crtm8.o
 .bss           0x0080009a        0x0 robokits.o
 .bss           0x0080009a        0x0 lcd.o
 .bss           0x0080009a        0x0 c:/program files/winavr/bin/../lib/gcc/avr/4.2.2/avr4\libgcc.a(_exit.o)
 .bss           0x0080009a        0x0 c:/program files/winavr/bin/../lib/gcc/avr/4.2.2/avr4\libgcc.a(_copy_data.o)
 .bss           0x0080009a        0x0 c:/program files/winavr/bin/../lib/gcc/avr/4.2.2/avr4\libgcc.a(_clear_bss.o)
 .bss           0x0080009a        0x0 c:/program files/winavr/bin/../lib/gcc/avr/4.2.2/../../../../avr/lib/avr4\libc.a(itoa.o)
 .bss           0x0080009a        0x0 c:/program files/winavr/bin/../lib/gcc/avr/4.2.2/../../../../avr/lib/avr4\libc.a(strrev.o)
 .bss           0x0080009a        0x0 c:/program files/winavr/bin/../lib/gcc/avr/4.2.2/avr4\libgcc.a(_udivmodhi4.o)
 *(.bss*)
 *(COMMON)
                0x0080009a                PROVIDE (__bss_end, .)
                0x0000042a                __data_load_start = LOADADDR (.data)
                0x00000464                __data_load_end = (__data_load_start + SIZEOF (.data))

.noinit         0x0080009a        0x0
                0x0080009a                PROVIDE (__noinit_start, .)
 *(.noinit*)
                0x0080009a                PROVIDE (__noinit_end, .)
                0x0080009a                _end = .
                0x0080009a                PROVIDE (__heap_start, .)

.eeprom         0x00810000        0x0
 *(.eeprom*)
                0x00810000                __eeprom_end = .

.fuse
 *(.fuse)
 *(.lfuse)
 *(.hfuse)
 *(.efuse)

.lock
 *(.lock*)

.signature
 *(.signature*)

.stab           0x00000000      0x378
 *(.stab)
 .stab          0x00000000      0x378 c:/program files/winavr/bin/../lib/gcc/avr/4.2.2/../../../../avr/lib/avr4/crtm8.o

.stabstr        0x00000000       0x5f
 *(.stabstr)
 .stabstr       0x00000000       0x5f c:/program files/winavr/bin/../lib/gcc/avr/4.2.2/../../../../avr/lib/avr4/crtm8.o

.stab.excl
 *(.stab.excl)

.stab.exclstr
 *(.stab.exclstr)

.stab.index
 *(.stab.index)

.stab.indexstr
 *(.stab.indexstr)

.comment
 *(.comment)

.debug
 *(.debug)

.line
 *(.line)

.debug_srcinfo
 *(.debug_srcinfo)

.debug_sfnames
 *(.debug_sfnames)

.debug_aranges  0x00000000       0x40
 *(.debug_aranges)
 .debug_aranges
                0x00000000       0x20 robokits.o
 .debug_aranges
                0x00000020       0x20 lcd.o

.debug_pubnames
                0x00000000       0xd4
 *(.debug_pubnames)
 .debug_pubnames
                0x00000000       0x36 robokits.o
 .debug_pubnames
                0x00000036       0x9e lcd.o

.debug_info     0x00000000      0x71e
 *(.debug_info)
 .debug_info    0x00000000      0x30f robokits.o
 .debug_info    0x0000030f      0x40f lcd.o
 *(.gnu.linkonce.wi.*)

.debug_abbrev   0x00000000      0x353
 *(.debug_abbrev)
 .debug_abbrev  0x00000000      0x13e robokits.o
 .debug_abbrev  0x0000013e      0x215 lcd.o

.debug_line     0x00000000      0x6c4
 *(.debug_line)
 .debug_line    0x00000000      0x267 robokits.o
 .debug_line    0x00000267      0x45d lcd.o

.debug_frame    0x00000000      0x120
 *(.debug_frame)
 .debug_frame   0x00000000       0x30 robokits.o
 .debug_frame   0x00000030       0xf0 lcd.o

.debug_str      0x00000000      0x231
 *(.debug_str)
 .debug_str     0x00000000      0x156 robokits.o
                                0x18f (size before relaxing)
 .debug_str     0x00000156       0xdb lcd.o
                                0x1f5 (size before relaxing)

.debug_loc      0x00000000      0x2ce
 *(.debug_loc)
 .debug_loc     0x00000000       0x73 robokits.o
 .debug_loc     0x00000073      0x25b lcd.o

.debug_macinfo
 *(.debug_macinfo)
OUTPUT(robokits.elf elf32-avr)
LOAD linker stubs

Cross Reference Table

Symbol                                            File
__bad_interrupt                                   c:/program files/winavr/bin/../lib/gcc/avr/4.2.2/../../../../avr/lib/avr4/crtm8.o
__bss_end                                         c:/program files/winavr/bin/../lib/gcc/avr/4.2.2/avr4\libgcc.a(_clear_bss.o)
__bss_start                                       c:/program files/winavr/bin/../lib/gcc/avr/4.2.2/avr4\libgcc.a(_clear_bss.o)
__data_end                                        c:/program files/winavr/bin/../lib/gcc/avr/4.2.2/avr4\libgcc.a(_copy_data.o)
__data_load_start                                 c:/program files/winavr/bin/../lib/gcc/avr/4.2.2/avr4\libgcc.a(_copy_data.o)
__data_start                                      c:/program files/winavr/bin/../lib/gcc/avr/4.2.2/avr4\libgcc.a(_copy_data.o)
__do_clear_bss                                    c:/program files/winavr/bin/../lib/gcc/avr/4.2.2/avr4\libgcc.a(_clear_bss.o)
                                                  lcd.o
                                                  robokits.o
__do_copy_data                                    c:/program files/winavr/bin/../lib/gcc/avr/4.2.2/avr4\libgcc.a(_copy_data.o)
                                                  lcd.o
                                                  robokits.o
__heap_end                                        c:/program files/winavr/bin/../lib/gcc/avr/4.2.2/../../../../avr/lib/avr4/crtm8.o
__init                                            c:/program files/winavr/bin/../lib/gcc/avr/4.2.2/../../../../avr/lib/avr4/crtm8.o
__stack                                           c:/program files/winavr/bin/../lib/gcc/avr/4.2.2/../../../../avr/lib/avr4/crtm8.o
__udivmodhi4                                      c:/program files/winavr/bin/../lib/gcc/avr/4.2.2/avr4\libgcc.a(_udivmodhi4.o)
                                                  c:/program files/winavr/bin/../lib/gcc/avr/4.2.2/../../../../avr/lib/avr4\libc.a(itoa.o)
__vector_1                                        c:/program files/winavr/bin/../lib/gcc/avr/4.2.2/../../../../avr/lib/avr4/crtm8.o
__vector_10                                       c:/program files/winavr/bin/../lib/gcc/avr/4.2.2/../../../../avr/lib/avr4/crtm8.o
__vector_11                                       c:/program files/winavr/bin/../lib/gcc/avr/4.2.2/../../../../avr/lib/avr4/crtm8.o
__vector_12                                       c:/program files/winavr/bin/../lib/gcc/avr/4.2.2/../../../../avr/lib/avr4/crtm8.o
__vector_13                                       c:/program files/winavr/bin/../lib/gcc/avr/4.2.2/../../../../avr/lib/avr4/crtm8.o
__vector_14                                       c:/program files/winavr/bin/../lib/gcc/avr/4.2.2/../../../../avr/lib/avr4/crtm8.o
__vector_15                                       c:/program files/winavr/bin/../lib/gcc/avr/4.2.2/../../../../avr/lib/avr4/crtm8.o
__vector_16                                       c:/program files/winavr/bin/../lib/gcc/avr/4.2.2/../../../../avr/lib/avr4/crtm8.o
__vector_17                                       c:/program files/winavr/bin/../lib/gcc/avr/4.2.2/../../../../avr/lib/avr4/crtm8.o
__vector_18                                       c:/program files/winavr/bin/../lib/gcc/avr/4.2.2/../../../../avr/lib/avr4/crtm8.o
__vector_2                                        c:/program files/winavr/bin/../lib/gcc/avr/4.2.2/../../../../avr/lib/avr4/crtm8.o
__vector_3                                        c:/program files/winavr/bin/../lib/gcc/avr/4.2.2/../../../../avr/lib/avr4/crtm8.o
__vector_4                                        c:/program files/winavr/bin/../lib/gcc/avr/4.2.2/../../../../avr/lib/avr4/crtm8.o
__vector_5                                        c:/program files/winavr/bin/../lib/gcc/avr/4.2.2/../../../../avr/lib/avr4/crtm8.o
__vector_6                                        c:/program files/winavr/bin/../lib/gcc/avr/4.2.2/../../../../avr/lib/avr4/crtm8.o
__vector_7                                        c:/program files/winavr/bin/../lib/gcc/avr/4.2.2/../../../../avr/lib/avr4/crtm8.o
__vector_8                                        c:/program files/winavr/bin/../lib/gcc/avr/4.2.2/../../../../avr/lib/avr4/crtm8.o
__vector_9                                        c:/program files/winavr/bin/../lib/gcc/avr/4.2.2/../../../../avr/lib/avr4/crtm8.o
__vector_default                                  c:/program files/winavr/bin/../lib/gcc/avr/4.2.2/../../../../avr/lib/avr4/crtm8.o
__vectors                                         c:/program files/winavr/bin/../lib/gcc/avr/4.2.2/../../../../avr/lib/avr4/crtm8.o
_exit                                             c:/program files/winavr/bin/../lib/gcc/avr/4.2.2/avr4\libgcc.a(_exit.o)
exit                                              c:/program files/winavr/bin/../lib/gcc/avr/4.2.2/avr4\libgcc.a(_exit.o)
                                                  c:/program files/winavr/bin/../lib/gcc/avr/4.2.2/../../../../avr/lib/avr4/crtm8.o
itoa                                              c:/program files/winavr/bin/../lib/gcc/avr/4.2.2/../../../../avr/lib/avr4\libc.a(itoa.o)
                                                  robokits.o
lcd_clrscr                                        lcd.o
                                                  robokits.o
lcd_command                                       lcd.o
                                                  robokits.o
lcd_data                                          lcd.o
                                                  robokits.o
lcd_getxy                                         lcd.o
lcd_gotoxy                                        lcd.o
                                                  robokits.o
lcd_home                                          lcd.o
lcd_init                                          lcd.o
                                                  robokits.o
lcd_putc                                          lcd.o
                                                  robokits.o
lcd_puts                                          lcd.o
                                                  robokits.o
lcd_puts_p                                        lcd.o
                                                  robokits.o
main                                              robokits.o
                                                  c:/program files/winavr/bin/../lib/gcc/avr/4.2.2/../../../../avr/lib/avr4/crtm8.o
strrev                                            c:/program files/winavr/bin/../lib/gcc/avr/4.2.2/../../../../avr/lib/avr4\libc.a(strrev.o)
                                                  c:/program files/winavr/bin/../lib/gcc/avr/4.2.2/../../../../avr/lib/avr4\libc.a(itoa.o)
wait_until_key_pressed                            robokits.o
