Archive member included because of file (symbol)

c:/program files/winavr/bin/../lib/gcc/avr/4.1.2/avr5\libgcc.a(_exit.o)
                              c:/program files/winavr/bin/../lib/gcc/avr/4.1.2/../../../../avr/lib/avr5/crtm32.o (exit)
c:/program files/winavr/bin/../lib/gcc/avr/4.1.2/avr5\libgcc.a(_copy_data.o)
                              robokits.o (__do_copy_data)
c:/program files/winavr/bin/../lib/gcc/avr/4.1.2/avr5\libgcc.a(_clear_bss.o)
                              robokits.o (__do_clear_bss)

Discarded input sections

 .stabstr       0x00000000        0x0 c:/program files/winavr/bin/../lib/gcc/avr/4.1.2/../../../../avr/lib/avr5/crtm32.o

Memory Configuration

Name             Origin             Length             Attributes
text             0x00000000         0x00020000         xr
data             0x00800060         0x0000ffa0         rw !x
eeprom           0x00810000         0x00010000         rw !x
*default*        0x00000000         0xffffffff

Linker script and memory map

LOAD c:/program files/winavr/bin/../lib/gcc/avr/4.1.2/../../../../avr/lib/avr5/crtm32.o
LOAD robokits.o
LOAD lcd.o
LOAD c:/program files/winavr/bin/../lib/gcc/avr/4.1.2/../../../../avr/lib/avr5\libm.a
LOAD c:/program files/winavr/bin/../lib/gcc/avr/4.1.2/avr5\libgcc.a
LOAD c:/program files/winavr/bin/../lib/gcc/avr/4.1.2/../../../../avr/lib/avr5\libc.a
LOAD c:/program files/winavr/bin/../lib/gcc/avr/4.1.2/avr5\libgcc.a

.hash
 *(.hash)

.dynsym
 *(.dynsym)

.dynstr
 *(.dynstr)

.gnu.version
 *(.gnu.version)

.gnu.version_d
 *(.gnu.version_d)

.gnu.version_r
 *(.gnu.version_r)

.rel.init
 *(.rel.init)

.rela.init
 *(.rela.init)

.rel.text
 *(.rel.text)
 *(.rel.text.*)
 *(.rel.gnu.linkonce.t*)

.rela.text
 *(.rela.text)
 *(.rela.text.*)
 *(.rela.gnu.linkonce.t*)

.rel.fini
 *(.rel.fini)

.rela.fini
 *(.rela.fini)

.rel.rodata
 *(.rel.rodata)
 *(.rel.rodata.*)
 *(.rel.gnu.linkonce.r*)

.rela.rodata
 *(.rela.rodata)
 *(.rela.rodata.*)
 *(.rela.gnu.linkonce.r*)

.rel.data
 *(.rel.data)
 *(.rel.data.*)
 *(.rel.gnu.linkonce.d*)

.rela.data
 *(.rela.data)
 *(.rela.data.*)
 *(.rela.gnu.linkonce.d*)

.rel.ctors
 *(.rel.ctors)

.rela.ctors
 *(.rela.ctors)

.rel.dtors
 *(.rel.dtors)

.rela.dtors
 *(.rela.dtors)

.rel.got
 *(.rel.got)

.rela.got
 *(.rela.got)

.rel.bss
 *(.rel.bss)

.rela.bss
 *(.rela.bss)

.rel.plt
 *(.rel.plt)

.rela.plt
 *(.rela.plt)

.text           0x00000000      0x2f0
 *(.vectors)
 .vectors       0x00000000       0x54 c:/program files/winavr/bin/../lib/gcc/avr/4.1.2/../../../../avr/lib/avr5/crtm32.o
                0x00000000                __vectors
                0x00000000                __vector_default
 *(.vectors)
 *(.progmem.gcc*)
 *(.progmem*)
                0x00000054                . = ALIGN (0x2)
                0x00000054                __trampolines_start = .
 *(.trampolines)
 .trampolines   0x00000054        0x0 linker stubs
 *(.trampolines*)
                0x00000054                __trampolines_end = .
 *(.jumptables)
 *(.jumptables*)
 *(.lowtext)
 *(.lowtext*)
                0x00000054                __ctors_start = .
 *(.ctors)
                0x00000054                __ctors_end = .
                0x00000054                __dtors_start = .
 *(.dtors)
                0x00000054                __dtors_end = .
 SORT(*)(.ctors)
 SORT(*)(.dtors)
 *(.init0)
 .init0         0x00000054        0x0 c:/program files/winavr/bin/../lib/gcc/avr/4.1.2/../../../../avr/lib/avr5/crtm32.o
                0x00000054                __init
 *(.init0)
 *(.init1)
 *(.init1)
 *(.init2)
 .init2         0x00000054        0xc c:/program files/winavr/bin/../lib/gcc/avr/4.1.2/../../../../avr/lib/avr5/crtm32.o
 *(.init2)
 *(.init3)
 *(.init3)
 *(.init4)
 .init4         0x00000060       0x16 c:/program files/winavr/bin/../lib/gcc/avr/4.1.2/avr5\libgcc.a(_copy_data.o)
                0x00000060                __do_copy_data
 .init4         0x00000076       0x10 c:/program files/winavr/bin/../lib/gcc/avr/4.1.2/avr5\libgcc.a(_clear_bss.o)
                0x00000076                __do_clear_bss
 *(.init4)
 *(.init5)
 *(.init5)
 *(.init6)
 *(.init6)
 *(.init7)
 *(.init7)
 *(.init8)
 *(.init8)
 *(.init9)
 .init9         0x00000086        0x8 c:/program files/winavr/bin/../lib/gcc/avr/4.1.2/../../../../avr/lib/avr5/crtm32.o
 *(.init9)
 *(.text)
 .text          0x0000008e        0x4 c:/program files/winavr/bin/../lib/gcc/avr/4.1.2/../../../../avr/lib/avr5/crtm32.o
                0x0000008e                __vector_1
                0x0000008e                __vector_12
                0x0000008e                __bad_interrupt
                0x0000008e                __vector_6
                0x0000008e                __vector_3
                0x0000008e                __vector_11
                0x0000008e                __vector_13
                0x0000008e                __vector_17
                0x0000008e                __vector_19
                0x0000008e                __vector_7
                0x0000008e                __vector_5
                0x0000008e                __vector_4
                0x0000008e                __vector_9
                0x0000008e                __vector_2
                0x0000008e                __vector_15
                0x0000008e                __vector_8
                0x0000008e                __vector_14
                0x0000008e                __vector_10
                0x0000008e                __vector_16
                0x0000008e                __vector_18
                0x0000008e                __vector_20
 .text          0x00000092       0x6c robokits.o
                0x00000092                main
 .text          0x000000fe      0x1f0 lcd.o
                0x000001de                lcd_data
                0x000001f2                lcd_gotoxy
                0x0000021a                lcd_putc
                0x00000212                lcd_home
                0x0000020a                lcd_clrscr
                0x00000202                lcd_getxy
                0x00000244                lcd_puts
                0x0000025c                lcd_puts_p
                0x00000278                lcd_init
                0x000001ca                lcd_command
 .text          0x000002ee        0x0 c:/program files/winavr/bin/../lib/gcc/avr/4.1.2/avr5\libgcc.a(_exit.o)
 .text          0x000002ee        0x0 c:/program files/winavr/bin/../lib/gcc/avr/4.1.2/avr5\libgcc.a(_copy_data.o)
 .text          0x000002ee        0x0 c:/program files/winavr/bin/../lib/gcc/avr/4.1.2/avr5\libgcc.a(_clear_bss.o)
                0x000002ee                . = ALIGN (0x2)
 *(.text.*)
 .text.libgcc   0x000002ee        0x0 c:/program files/winavr/bin/../lib/gcc/avr/4.1.2/avr5\libgcc.a(_exit.o)
 .text.libgcc   0x000002ee        0x0 c:/program files/winavr/bin/../lib/gcc/avr/4.1.2/avr5\libgcc.a(_copy_data.o)
 .text.libgcc   0x000002ee        0x0 c:/program files/winavr/bin/../lib/gcc/avr/4.1.2/avr5\libgcc.a(_clear_bss.o)
                0x000002ee                . = ALIGN (0x2)
 *(.fini9)
 .fini9         0x000002ee        0x0 c:/program files/winavr/bin/../lib/gcc/avr/4.1.2/avr5\libgcc.a(_exit.o)
                0x000002ee                exit
                0x000002ee                _exit
 *(.fini9)
 *(.fini8)
 *(.fini8)
 *(.fini7)
 *(.fini7)
 *(.fini6)
 *(.fini6)
 *(.fini5)
 *(.fini5)
 *(.fini4)
 *(.fini4)
 *(.fini3)
 *(.fini3)
 *(.fini2)
 *(.fini2)
 *(.fini1)
 *(.fini1)
 *(.fini0)
 .fini0         0x000002ee        0x2 c:/program files/winavr/bin/../lib/gcc/avr/4.1.2/avr5\libgcc.a(_exit.o)
 *(.fini0)
                0x000002f0                _etext = .

.data           0x00800060       0x22 load address 0x000002f0
                0x00800060                PROVIDE (__data_start, .)
 *(.data)
 .data          0x00800060        0x0 c:/program files/winavr/bin/../lib/gcc/avr/4.1.2/../../../../avr/lib/avr5/crtm32.o
 .data          0x00800060       0x21 robokits.o
 .data          0x00800081        0x0 lcd.o
 .data          0x00800081        0x0 c:/program files/winavr/bin/../lib/gcc/avr/4.1.2/avr5\libgcc.a(_exit.o)
 .data          0x00800081        0x0 c:/program files/winavr/bin/../lib/gcc/avr/4.1.2/avr5\libgcc.a(_copy_data.o)
 .data          0x00800081        0x0 c:/program files/winavr/bin/../lib/gcc/avr/4.1.2/avr5\libgcc.a(_clear_bss.o)
 *(.data*)
 *(.rodata)
 *(.rodata*)
 *(.gnu.linkonce.d*)
                0x00800082                . = ALIGN (0x2)
 *fill*         0x00800081        0x1 00
                0x00800082                _edata = .
                0x00800082                PROVIDE (__data_end, .)

.bss            0x00800082        0x0
                0x00800082                PROVIDE (__bss_start, .)
 *(.bss)
 .bss           0x00800082        0x0 c:/program files/winavr/bin/../lib/gcc/avr/4.1.2/../../../../avr/lib/avr5/crtm32.o
 .bss           0x00800082        0x0 robokits.o
 .bss           0x00800082        0x0 lcd.o
 .bss           0x00800082        0x0 c:/program files/winavr/bin/../lib/gcc/avr/4.1.2/avr5\libgcc.a(_exit.o)
 .bss           0x00800082        0x0 c:/program files/winavr/bin/../lib/gcc/avr/4.1.2/avr5\libgcc.a(_copy_data.o)
 .bss           0x00800082        0x0 c:/program files/winavr/bin/../lib/gcc/avr/4.1.2/avr5\libgcc.a(_clear_bss.o)
 *(.bss*)
 *(COMMON)
                0x00800082                PROVIDE (__bss_end, .)
                0x000002f0                __data_load_start = LOADADDR (.data)
                0x00000312                __data_load_end = (__data_load_start + SIZEOF (.data))

.noinit         0x00800082        0x0
                0x00800082                PROVIDE (__noinit_start, .)
 *(.noinit*)
                0x00800082                PROVIDE (__noinit_end, .)
                0x00800082                _end = .
                0x00800082                PROVIDE (__heap_start, .)

.eeprom         0x00810000        0x0
 *(.eeprom*)
                0x00810000                __eeprom_end = .

.stab           0x00000000      0x378
 *(.stab)
 .stab          0x00000000      0x378 c:/program files/winavr/bin/../lib/gcc/avr/4.1.2/../../../../avr/lib/avr5/crtm32.o

.stabstr        0x00000000       0x71
 *(.stabstr)
 .stabstr       0x00000000       0x71 c:/program files/winavr/bin/../lib/gcc/avr/4.1.2/../../../../avr/lib/avr5/crtm32.o

.stab.excl
 *(.stab.excl)

.stab.exclstr
 *(.stab.exclstr)

.stab.index
 *(.stab.index)

.stab.indexstr
 *(.stab.indexstr)

.comment
 *(.comment)

.debug
 *(.debug)

.line
 *(.line)

.debug_srcinfo
 *(.debug_srcinfo)

.debug_sfnames
 *(.debug_sfnames)

.debug_aranges  0x00000000       0x40
 *(.debug_aranges)
 .debug_aranges
                0x00000000       0x20 robokits.o
 .debug_aranges
                0x00000020       0x20 lcd.o

.debug_pubnames
                0x00000000       0xb9
 *(.debug_pubnames)
 .debug_pubnames
                0x00000000       0x1b robokits.o
 .debug_pubnames
                0x0000001b       0x9e lcd.o

.debug_info     0x00000000      0x593
 *(.debug_info)
 .debug_info    0x00000000      0x14f robokits.o
 .debug_info    0x0000014f      0x444 lcd.o
 *(.gnu.linkonce.wi.*)

.debug_abbrev   0x00000000      0x2b9
 *(.debug_abbrev)
 .debug_abbrev  0x00000000       0xad robokits.o
 .debug_abbrev  0x000000ad      0x20c lcd.o

.debug_line     0x00000000      0x6bb
 *(.debug_line)
 .debug_line    0x00000000      0x1f7 robokits.o
 .debug_line    0x000001f7      0x4c4 lcd.o

.debug_frame    0x00000000      0x110
 *(.debug_frame)
 .debug_frame   0x00000000       0x20 robokits.o
 .debug_frame   0x00000020       0xf0 lcd.o

.debug_str      0x00000000      0x215
 *(.debug_str)
 .debug_str     0x00000000      0x120 robokits.o
                                0x178 (size before relaxing)
 .debug_str     0x00000120       0xf5 lcd.o
                                0x230 (size before relaxing)

.debug_loc      0x00000000      0x25b
 *(.debug_loc)
 .debug_loc     0x00000000      0x25b lcd.o

.debug_macinfo
 *(.debug_macinfo)
OUTPUT(robokits.elf elf32-avr)
LOAD linker stubs

Cross Reference Table

Symbol                                            File
__bad_interrupt                                   c:/program files/winavr/bin/../lib/gcc/avr/4.1.2/../../../../avr/lib/avr5/crtm32.o
__bss_end                                         c:/program files/winavr/bin/../lib/gcc/avr/4.1.2/avr5\libgcc.a(_clear_bss.o)
__bss_start                                       c:/program files/winavr/bin/../lib/gcc/avr/4.1.2/avr5\libgcc.a(_clear_bss.o)
__data_end                                        c:/program files/winavr/bin/../lib/gcc/avr/4.1.2/avr5\libgcc.a(_copy_data.o)
__data_load_start                                 c:/program files/winavr/bin/../lib/gcc/avr/4.1.2/avr5\libgcc.a(_copy_data.o)
__data_start                                      c:/program files/winavr/bin/../lib/gcc/avr/4.1.2/avr5\libgcc.a(_copy_data.o)
__do_clear_bss                                    c:/program files/winavr/bin/../lib/gcc/avr/4.1.2/avr5\libgcc.a(_clear_bss.o)
                                                  lcd.o
                                                  robokits.o
__do_copy_data                                    c:/program files/winavr/bin/../lib/gcc/avr/4.1.2/avr5\libgcc.a(_copy_data.o)
                                                  lcd.o
                                                  robokits.o
__heap_end                                        c:/program files/winavr/bin/../lib/gcc/avr/4.1.2/../../../../avr/lib/avr5/crtm32.o
__init                                            c:/program files/winavr/bin/../lib/gcc/avr/4.1.2/../../../../avr/lib/avr5/crtm32.o
__stack                                           c:/program files/winavr/bin/../lib/gcc/avr/4.1.2/../../../../avr/lib/avr5/crtm32.o
__vector_1                                        c:/program files/winavr/bin/../lib/gcc/avr/4.1.2/../../../../avr/lib/avr5/crtm32.o
__vector_10                                       c:/program files/winavr/bin/../lib/gcc/avr/4.1.2/../../../../avr/lib/avr5/crtm32.o
__vector_11                                       c:/program files/winavr/bin/../lib/gcc/avr/4.1.2/../../../../avr/lib/avr5/crtm32.o
__vector_12                                       c:/program files/winavr/bin/../lib/gcc/avr/4.1.2/../../../../avr/lib/avr5/crtm32.o
__vector_13                                       c:/program files/winavr/bin/../lib/gcc/avr/4.1.2/../../../../avr/lib/avr5/crtm32.o
__vector_14                                       c:/program files/winavr/bin/../lib/gcc/avr/4.1.2/../../../../avr/lib/avr5/crtm32.o
__vector_15                                       c:/program files/winavr/bin/../lib/gcc/avr/4.1.2/../../../../avr/lib/avr5/crtm32.o
__vector_16                                       c:/program files/winavr/bin/../lib/gcc/avr/4.1.2/../../../../avr/lib/avr5/crtm32.o
__vector_17                                       c:/program files/winavr/bin/../lib/gcc/avr/4.1.2/../../../../avr/lib/avr5/crtm32.o
__vector_18                                       c:/program files/winavr/bin/../lib/gcc/avr/4.1.2/../../../../avr/lib/avr5/crtm32.o
__vector_19                                       c:/program files/winavr/bin/../lib/gcc/avr/4.1.2/../../../../avr/lib/avr5/crtm32.o
__vector_2                                        c:/program files/winavr/bin/../lib/gcc/avr/4.1.2/../../../../avr/lib/avr5/crtm32.o
__vector_20                                       c:/program files/winavr/bin/../lib/gcc/avr/4.1.2/../../../../avr/lib/avr5/crtm32.o
__vector_3                                        c:/program files/winavr/bin/../lib/gcc/avr/4.1.2/../../../../avr/lib/avr5/crtm32.o
__vector_4                                        c:/program files/winavr/bin/../lib/gcc/avr/4.1.2/../../../../avr/lib/avr5/crtm32.o
__vector_5                                        c:/program files/winavr/bin/../lib/gcc/avr/4.1.2/../../../../avr/lib/avr5/crtm32.o
__vector_6                                        c:/program files/winavr/bin/../lib/gcc/avr/4.1.2/../../../../avr/lib/avr5/crtm32.o
__vector_7                                        c:/program files/winavr/bin/../lib/gcc/avr/4.1.2/../../../../avr/lib/avr5/crtm32.o
__vector_8                                        c:/program files/winavr/bin/../lib/gcc/avr/4.1.2/../../../../avr/lib/avr5/crtm32.o
__vector_9                                        c:/program files/winavr/bin/../lib/gcc/avr/4.1.2/../../../../avr/lib/avr5/crtm32.o
__vector_default                                  c:/program files/winavr/bin/../lib/gcc/avr/4.1.2/../../../../avr/lib/avr5/crtm32.o
__vectors                                         c:/program files/winavr/bin/../lib/gcc/avr/4.1.2/../../../../avr/lib/avr5/crtm32.o
_exit                                             c:/program files/winavr/bin/../lib/gcc/avr/4.1.2/avr5\libgcc.a(_exit.o)
exit                                              c:/program files/winavr/bin/../lib/gcc/avr/4.1.2/avr5\libgcc.a(_exit.o)
                                                  c:/program files/winavr/bin/../lib/gcc/avr/4.1.2/../../../../avr/lib/avr5/crtm32.o
lcd_clrscr                                        lcd.o
                                                  robokits.o
lcd_command                                       lcd.o
lcd_data                                          lcd.o
lcd_getxy                                         lcd.o
lcd_gotoxy                                        lcd.o
lcd_home                                          lcd.o
lcd_init                                          lcd.o
                                                  robokits.o
lcd_putc                                          lcd.o
lcd_puts                                          lcd.o
                                                  robokits.o
lcd_puts_p                                        lcd.o
main                                              robokits.o
                                                  c:/program files/winavr/bin/../lib/gcc/avr/4.1.2/../../../../avr/lib/avr5/crtm32.o
